// Jest Snapshot v1, https://goo.gl/fbAQLP

exports[`Navbar renders correctly 1`] = `
<nav
  className="nav"
>
  <div
    className="container is-fullhd"
  >
    <div
      className="nav-left"
    >
      <div
        className="nav-item"
      >
        <img
          alt="Comparison of Front-End Frameworks"
          src="logo.svg"
        />
        Comparison of Front-End Frameworks
      </div>
    </div>
    <span
      className="nav-toggle"
      onClick={[Function]}
    >
      <span />
      <span />
      <span />
    </span>
    <div
      className="nav-right nav-menu"
    >
      <a
        className="nav-item"
        href="https://github.com/Landish/frameworks"
        rel="noopener noreferrer"
        target="_blank"
      >
        <Icon
          name="github"
        />
        Github
      </a>
      <a
        className="nav-item"
        href="https://github.com/Landish/frameworks/issues"
        rel="noopener noreferrer"
        target="_blank"
      >
        <Icon
          name="bug"
        />
         Issues
      </a>
      <a
        className="nav-item"
        href="https://github.com/Landish/frameworks/blob/master/CHANGELOG.md"
        rel="noopener noreferrer"
        target="_blank"
      >
        <Icon
          name="list-ul"
        />
        Changelog
        <span
          className="tag is-white is-small"
        >
          1.2.1
        </span>
      </a>
    </div>
  </div>
</nav>
`;
