// Jest Snapshot v1, https://goo.gl/fbAQLP

exports[`renders correctly 1`] = `
<div>
  <section
    className="hero is-info is-medium"
  >
    <div
      className="hero-head"
    >
      <nav
        className="nav"
      >
        <div
          className="container"
        >
          <div
            className="nav-left"
          >
            <div
              className="nav-item"
            >
              <img
                alt="Comparison of Front-End Frameworks"
                src="logo.svg"
              />
               
              Comparison of Front-End Frameworks
            </div>
          </div>
          <span
            className="nav-toggle "
            onClick={[Function]}
          >
            <span />
            <span />
            <span />
          </span>
          <div
            className="nav-right nav-menu "
          >
            <a
              className="nav-item"
              href="https://github.com/Landish/frameworks"
              rel="noopener noreferrer"
              target="_blank"
            >
              <span
                className="icon is-small"
              >
                <i
                  className="fa fa-github"
                />
              </span>
              Github
            </a>
            <a
              className="nav-item"
              href="https://github.com/Landish/frameworks/issues"
              rel="noopener noreferrer"
              target="_blank"
            >
              <span
                className="icon is-small"
              >
                <i
                  className="fa fa-bug"
                />
              </span>
               Issues
            </a>
            <a
              className="nav-item"
              href="https://github.com/Landish/frameworks/blob/master/CHANGELOG.md"
              rel="noopener noreferrer"
              target="_blank"
            >
              <span
                className="icon is-small"
              >
                <i
                  className="fa fa-list-ul"
                />
              </span>
              Changelog
               
              <span
                className="tag is-white is-small"
              >
                1.1.0
              </span>
            </a>
          </div>
        </div>
      </nav>
    </div>
    <div
      className="hero-body has-text-centered"
    >
      <div
        className="container"
      >
        <h1
          className="title"
        >
          <img
            alt="Comparison of Front-End Frameworks"
            src="logo.svg"
          />
          Comparison of Front-End Frameworks
        </h1>
      </div>
    </div>
  </section>
  <div
    className="section has-text-centered"
    id="chooser"
  >
    <div
      className="container"
    >
      <h2
        className="title is-5"
      >
        Select 
        <strong>
          at least 2
        </strong>
         and 
        <strong>
          maximum 4
        </strong>
         
        front-end frameworks and compare them to each other.
      </h2>
      <div
        className="notification"
      >
        <button
          className="button is-checkbox is-info"
          onClick={[Function]}
        >
          <span
            className="icon is-small"
          >
            <i
              className="fa fa-check-square"
            />
          </span>
          <span>
            Bootstrap 3
          </span>
        </button>
        <button
          className="is-outlined button is-checkbox is-info"
          onClick={[Function]}
        >
          <span
            className="icon is-small"
          >
            <i
              className="fa fa-square"
            />
          </span>
          <span>
            Bootstrap 4 (Alpha)
          </span>
        </button>
        <button
          className="button is-checkbox is-info"
          onClick={[Function]}
        >
          <span
            className="icon is-small"
          >
            <i
              className="fa fa-check-square"
            />
          </span>
          <span>
            Bulma
          </span>
        </button>
        <button
          className="is-outlined button is-checkbox is-info"
          onClick={[Function]}
        >
          <span
            className="icon is-small"
          >
            <i
              className="fa fa-square"
            />
          </span>
          <span>
            Foundation 6
          </span>
        </button>
        <button
          className="is-outlined button is-checkbox is-info"
          onClick={[Function]}
        >
          <span
            className="icon is-small"
          >
            <i
              className="fa fa-square"
            />
          </span>
          <span>
            Foundation 5
          </span>
        </button>
        <button
          className="button is-checkbox is-info"
          onClick={[Function]}
        >
          <span
            className="icon is-small"
          >
            <i
              className="fa fa-check-square"
            />
          </span>
          <span>
            Ink Interface Kit
          </span>
        </button>
        <button
          className="is-outlined button is-checkbox is-info"
          onClick={[Function]}
        >
          <span
            className="icon is-small"
          >
            <i
              className="fa fa-square"
            />
          </span>
          <span>
            Kube
          </span>
        </button>
        <button
          className="is-outlined button is-checkbox is-info"
          onClick={[Function]}
        >
          <span
            className="icon is-small"
          >
            <i
              className="fa fa-square"
            />
          </span>
          <span>
            Materialize
          </span>
        </button>
        <button
          className="is-outlined button is-checkbox is-info"
          onClick={[Function]}
        >
          <span
            className="icon is-small"
          >
            <i
              className="fa fa-square"
            />
          </span>
          <span>
            UIkit 2
          </span>
        </button>
        <button
          className="is-outlined button is-checkbox is-info"
          onClick={[Function]}
        >
          <span
            className="icon is-small"
          >
            <i
              className="fa fa-square"
            />
          </span>
          <span>
            UIkit 3 (Beta)
          </span>
        </button>
        <button
          className="is-outlined button is-checkbox is-info"
          onClick={[Function]}
        >
          <span
            className="icon is-small"
          >
            <i
              className="fa fa-square"
            />
          </span>
          <span>
            Pure.css
          </span>
        </button>
        <button
          className="is-outlined button is-checkbox is-info"
          onClick={[Function]}
        >
          <span
            className="icon is-small"
          >
            <i
              className="fa fa-square"
            />
          </span>
          <span>
            Primer
          </span>
        </button>
        <button
          className="button is-checkbox is-info"
          onClick={[Function]}
        >
          <span
            className="icon is-small"
          >
            <i
              className="fa fa-check-square"
            />
          </span>
          <span>
            Semantic UI
          </span>
        </button>
        <button
          className="is-outlined button is-checkbox is-info"
          onClick={[Function]}
        >
          <span
            className="icon is-small"
          >
            <i
              className="fa fa-square"
            />
          </span>
          <span>
            Spectre.css
          </span>
        </button>
      </div>
    </div>
  </div>
  <div
    className="section is-x"
  >
    <div
      className="container"
    >
      <h2
        className="title"
      >
        List of Frameworks
      </h2>
      <table
        className="table has-text-centered is-striped is-bordered"
      >
        <thead>
          <tr>
            <th
              className="is-first"
            />
            <th>
              <span
                className="tag is-tooltip is-info"
                data-title="The most popular HTML, CSS, and JS framework for developing responsive, mobile first projects on the web"
              >
                Bootstrap 3
              </span>
            </th>
            <th>
              <span
                className="tag is-tooltip is-info"
                data-title="A modern CSS framework based on Flexbox"
              >
                Bulma
              </span>
            </th>
            <th>
              <span
                className="tag is-tooltip is-info"
                data-title="Ink is a set of tools for quick development of web interfaces."
              >
                Ink Interface Kit
              </span>
            </th>
            <th>
              <span
                className="tag is-tooltip is-info"
                data-title="Semantic is a UI component framework based around useful principles from natural language"
              >
                Semantic UI
              </span>
            </th>
          </tr>
        </thead>
        <tbody>
          <tr>
            <td>
              <strong>
                Links
              </strong>
            </td>
            <td>
              <div
                className="field has-addons has-text-centered"
              >
                <div
                  className="control"
                >
                  <a
                    className="button is-small is-info is-outlined"
                    href="http://getbootstrap.com"
                    rel="noopener noreferrer"
                    target="_blank"
                  >
                    <span
                      className="icon is-small"
                    >
                      <i
                        className="fa fa-globe"
                      />
                    </span>
                    <span
                      className="button-text"
                    >
                      Website
                    </span>
                  </a>
                </div>
                <div
                  className="control"
                >
                  <a
                    className="button is-small is-info is-outlined"
                    href="http://getbootstrap.com/getting-started/"
                    rel="noopener noreferrer"
                    target="_blank"
                  >
                    <span
                      className="icon is-small"
                    >
                      <i
                        className="fa fa-book"
                      />
                    </span>
                    <span
                      className="button-text"
                    >
                      Docs
                    </span>
                  </a>
                </div>
                <div
                  className="control"
                >
                  <a
                    className="button is-small is-info is-outlined"
                    href="https://github.com/twbs/bootstrap"
                    rel="noopener noreferrer"
                    target="_blank"
                  >
                    <span
                      className="icon is-small"
                    >
                      <i
                        className="fa fa-github"
                      />
                    </span>
                    <span
                      className="button-text"
                    >
                      GitHub
                    </span>
                  </a>
                </div>
              </div>
            </td>
            <td>
              <div
                className="field has-addons has-text-centered"
              >
                <div
                  className="control"
                >
                  <a
                    className="button is-small is-info is-outlined"
                    href="http://bulma.io/"
                    rel="noopener noreferrer"
                    target="_blank"
                  >
                    <span
                      className="icon is-small"
                    >
                      <i
                        className="fa fa-globe"
                      />
                    </span>
                    <span
                      className="button-text"
                    >
                      Website
                    </span>
                  </a>
                </div>
                <div
                  className="control"
                >
                  <a
                    className="button is-small is-info is-outlined"
                    href="http://bulma.io/documentation/overview/start/"
                    rel="noopener noreferrer"
                    target="_blank"
                  >
                    <span
                      className="icon is-small"
                    >
                      <i
                        className="fa fa-book"
                      />
                    </span>
                    <span
                      className="button-text"
                    >
                      Docs
                    </span>
                  </a>
                </div>
                <div
                  className="control"
                >
                  <a
                    className="button is-small is-info is-outlined"
                    href="https://github.com/jgthms/bulma"
                    rel="noopener noreferrer"
                    target="_blank"
                  >
                    <span
                      className="icon is-small"
                    >
                      <i
                        className="fa fa-github"
                      />
                    </span>
                    <span
                      className="button-text"
                    >
                      GitHub
                    </span>
                  </a>
                </div>
              </div>
            </td>
            <td>
              <div
                className="field has-addons has-text-centered"
              >
                <div
                  className="control"
                >
                  <a
                    className="button is-small is-info is-outlined"
                    href="http://ink.sapo.pt/"
                    rel="noopener noreferrer"
                    target="_blank"
                  >
                    <span
                      className="icon is-small"
                    >
                      <i
                        className="fa fa-globe"
                      />
                    </span>
                    <span
                      className="button-text"
                    >
                      Website
                    </span>
                  </a>
                </div>
                <div
                  className="control"
                >
                  <a
                    className="button is-small is-info is-outlined"
                    href="https://picturepan2.github.io/spectre/index.html#introduction"
                    rel="noopener noreferrer"
                    target="_blank"
                  >
                    <span
                      className="icon is-small"
                    >
                      <i
                        className="fa fa-book"
                      />
                    </span>
                    <span
                      className="button-text"
                    >
                      Docs
                    </span>
                  </a>
                </div>
                <div
                  className="control"
                >
                  <a
                    className="button is-small is-info is-outlined"
                    href="https://github.com/sapo/Ink/"
                    rel="noopener noreferrer"
                    target="_blank"
                  >
                    <span
                      className="icon is-small"
                    >
                      <i
                        className="fa fa-github"
                      />
                    </span>
                    <span
                      className="button-text"
                    >
                      GitHub
                    </span>
                  </a>
                </div>
              </div>
            </td>
            <td>
              <div
                className="field has-addons has-text-centered"
              >
                <div
                  className="control"
                >
                  <a
                    className="button is-small is-info is-outlined"
                    href="http://semantic-ui.com/"
                    rel="noopener noreferrer"
                    target="_blank"
                  >
                    <span
                      className="icon is-small"
                    >
                      <i
                        className="fa fa-globe"
                      />
                    </span>
                    <span
                      className="button-text"
                    >
                      Website
                    </span>
                  </a>
                </div>
                <div
                  className="control"
                >
                  <a
                    className="button is-small is-info is-outlined"
                    href="http://semantic-ui.com/introduction/getting-started.html"
                    rel="noopener noreferrer"
                    target="_blank"
                  >
                    <span
                      className="icon is-small"
                    >
                      <i
                        className="fa fa-book"
                      />
                    </span>
                    <span
                      className="button-text"
                    >
                      Docs
                    </span>
                  </a>
                </div>
                <div
                  className="control"
                >
                  <a
                    className="button is-small is-info is-outlined"
                    href="https://github.com/Semantic-Org/Semantic-UI"
                    rel="noopener noreferrer"
                    target="_blank"
                  >
                    <span
                      className="icon is-small"
                    >
                      <i
                        className="fa fa-github"
                      />
                    </span>
                    <span
                      className="button-text"
                    >
                      GitHub
                    </span>
                  </a>
                </div>
              </div>
            </td>
          </tr>
          <tr>
            <td>
              <strong>
                How To Install?
              </strong>
            </td>
            <td
              className="no-padding"
            >
              <pre>
                <code>
                  bower i bootstrap -S
                </code>
              </pre>
              <pre>
                <code>
                  npm i bootstrap -S
                </code>
              </pre>
              <pre>
                <code>
                  yarn add bootstrap
                </code>
              </pre>
            </td>
            <td
              className="no-padding"
            >
              <pre>
                <code>
                  bower i bulma -S
                </code>
              </pre>
              <pre>
                <code>
                  npm i bulma -S
                </code>
              </pre>
              <pre>
                <code>
                  yarn add bulma
                </code>
              </pre>
            </td>
            <td
              className="no-padding"
            >
              <pre>
                <code>
                  bower i sapo-ink -S
                </code>
              </pre>
              <pre>
                <code>
                  Not Available
                </code>
              </pre>
              <pre>
                <code>
                  Not Available
                </code>
              </pre>
            </td>
            <td
              className="no-padding"
            >
              <pre>
                <code>
                  bower i semantic-ui -S
                </code>
              </pre>
              <pre>
                <code>
                  npm i semantic-ui -S
                </code>
              </pre>
              <pre>
                <code>
                  yarn add semantic-ui
                </code>
              </pre>
            </td>
          </tr>
          <tr>
            <td>
              <strong>
                Github Stats
              </strong>
            </td>
            <td>
              <div
                className="tag-group"
              >
                <span
                  className="tag is-small is-dark"
                >
                  <span
                    className="icon is-small"
                  >
                    <i
                      className="fa fa-code-fork"
                    />
                  </span>
                  52K+
                </span>
                <span
                  className="tag is-small is-dark"
                >
                  <span
                    className="icon is-small"
                  >
                    <i
                      className="fa fa-star"
                    />
                  </span>
                  112K+
                </span>
              </div>
            </td>
            <td>
              <div
                className="tag-group"
              >
                <span
                  className="tag is-small is-dark"
                >
                  <span
                    className="icon is-small"
                  >
                    <i
                      className="fa fa-code-fork"
                    />
                  </span>
                  1K+
                </span>
                <span
                  className="tag is-small is-dark"
                >
                  <span
                    className="icon is-small"
                  >
                    <i
                      className="fa fa-star"
                    />
                  </span>
                  16K+
                </span>
              </div>
            </td>
            <td>
              <div
                className="tag-group"
              >
                <span
                  className="tag is-small is-dark"
                >
                  <span
                    className="icon is-small"
                  >
                    <i
                      className="fa fa-code-fork"
                    />
                  </span>
                  200+
                </span>
                <span
                  className="tag is-small is-dark"
                >
                  <span
                    className="icon is-small"
                  >
                    <i
                      className="fa fa-star"
                    />
                  </span>
                  1.9K+
                </span>
              </div>
            </td>
            <td>
              <div
                className="tag-group"
              >
                <span
                  className="tag is-small is-dark"
                >
                  <span
                    className="icon is-small"
                  >
                    <i
                      className="fa fa-code-fork"
                    />
                  </span>
                  3.9K+
                </span>
                <span
                  className="tag is-small is-dark"
                >
                  <span
                    className="icon is-small"
                  >
                    <i
                      className="fa fa-star"
                    />
                  </span>
                  35K+
                </span>
              </div>
            </td>
          </tr>
          <tr>
            <td>
              <strong>
                Latest Version
              </strong>
            </td>
            <td>
              <a
                className="tag is-small is-info"
                href="https://github.com/twbs/bootstrap/releases"
                rel="noopener noreferrer"
                target="_blank"
              >
                <span
                  className="icon is-small"
                >
                  <i
                    className="fa fa-history"
                  />
                </span>
                <span>
                  v
                  3.3.7
                </span>
              </a>
            </td>
            <td>
              <a
                className="tag is-small is-info"
                href="https://github.com/jgthms/bulma/releases"
                rel="noopener noreferrer"
                target="_blank"
              >
                <span
                  className="icon is-small"
                >
                  <i
                    className="fa fa-history"
                  />
                </span>
                <span>
                  v
                  0.4.3
                </span>
              </a>
            </td>
            <td>
              <a
                className="tag is-small is-info"
                href="https://github.com/sapo/Ink//releases"
                rel="noopener noreferrer"
                target="_blank"
              >
                <span
                  className="icon is-small"
                >
                  <i
                    className="fa fa-history"
                  />
                </span>
                <span>
                  v
                  3.1.10
                </span>
              </a>
            </td>
            <td>
              <a
                className="tag is-small is-info"
                href="https://github.com/Semantic-Org/Semantic-UI/releases"
                rel="noopener noreferrer"
                target="_blank"
              >
                <span
                  className="icon is-small"
                >
                  <i
                    className="fa fa-history"
                  />
                </span>
                <span>
                  v
                  2.2.10
                </span>
              </a>
            </td>
          </tr>
          <tr>
            <td>
              <strong>
                Icons
              </strong>
            </td>
            <td>
              <a
                className="tag is-tooltip is-small is-success"
                data-title="Glyphicons"
                href="http://getbootstrap.com/components/#glyphicons-glyphs"
                rel="noopener noreferrer"
                target="_blank"
              >
                Yes
              </a>
            </td>
            <td>
              <a
                className="tag is-tooltip is-small is-success"
                data-title="Font Awesome (Optional)"
                href="http://fontawesome.io/"
                rel="noopener noreferrer"
                target="_blank"
              >
                Yes
              </a>
            </td>
            <td>
              <span
                className="tag is-small is-danger"
              >
                No
              </span>
            </td>
            <td>
              <a
                className="tag is-tooltip is-small is-success"
                data-title="Font Awesome"
                href="http://fontawesome.io/"
                rel="noopener noreferrer"
                target="_blank"
              >
                Yes
              </a>
            </td>
          </tr>
          <tr>
            <td>
              <strong>
                CSS Preprocessor
              </strong>
            </td>
            <td>
              <span
                className="tag is-small is-info"
              >
                LESS
              </span>
            </td>
            <td>
              <span
                className="tag is-small is-info"
              >
                SASS
              </span>
            </td>
            <td>
              <span
                className="tag is-small is-info"
              >
                SASS
              </span>
            </td>
            <td>
              <span
                className="tag is-small is-info"
              >
                LESS
              </span>
            </td>
          </tr>
          <tr>
            <td>
              <strong>
                JS Library?
              </strong>
            </td>
            <td>
              <a
                className="tag is-small is-success"
                href="http://getbootstrap.com/javascript/"
                rel="noopener noreferrer"
                target="_blank"
              >
                Yes
              </a>
            </td>
            <td>
              <span
                className="tag is-small is-danger"
              >
                No
              </span>
            </td>
            <td>
              <a
                className="tag is-small is-success"
                href="http://ink.sapo.pt/javascript/"
                rel="noopener noreferrer"
                target="_blank"
              >
                Yes
              </a>
            </td>
            <td>
              <a
                className="tag is-small is-success"
                href="http://semantic-ui.com/behaviors/api.html"
                rel="noopener noreferrer"
                target="_blank"
              >
                Yes
              </a>
            </td>
          </tr>
          <tr>
            <td>
              <strong>
                License
              </strong>
            </td>
            <td>
              <a
                className="tag is-small is-info"
                href="https://opensource.org/licenses/MIT"
                rel="noopener noreferrer"
                target="_blank"
              >
                MIT
              </a>
            </td>
            <td>
              <a
                className="tag is-small is-info"
                href="https://opensource.org/licenses/MIT"
                rel="noopener noreferrer"
                target="_blank"
              >
                MIT
              </a>
            </td>
            <td>
              <a
                className="tag is-small is-info"
                href="https://opensource.org/licenses/MIT"
                rel="noopener noreferrer"
                target="_blank"
              >
                MIT
              </a>
            </td>
            <td>
              <a
                className="tag is-small is-info"
                href="https://opensource.org/licenses/MIT"
                rel="noopener noreferrer"
                target="_blank"
              >
                MIT
              </a>
            </td>
          </tr>
        </tbody>
      </table>
    </div>
  </div>
  <div
    className="section"
  >
    <div
      className="container is-x"
    >
      <h2
        className="title"
      >
        List of Components
      </h2>
      <table
        className="table has-text-centered is-striped is-bordered"
      >
        <thead>
          <tr>
            <th
              className="is-first"
            >
              <span
                className="is-dark"
              >
                Component Name
              </span>
            </th>
            <th>
              <span
                className="is-dark"
              >
                Bootstrap 3
              </span>
            </th>
            <th>
              <span
                className="is-dark"
              >
                Bulma
              </span>
            </th>
            <th>
              <span
                className="is-dark"
              >
                Ink Interface Kit
              </span>
            </th>
            <th>
              <span
                className="is-dark"
              >
                Semantic UI
              </span>
            </th>
          </tr>
        </thead>
        <tbody>
          <tr>
            <td>
              <span
                className="tag is-info"
              >
                Accordion
              </span>
            </td>
            <td>
              <a
                className="button is-fixed is-small is-info is-outlined"
                href="http://getbootstrap.com/javascript/#collapse"
                target="_blank"
              >
                <span
                  className="icon is-small"
                >
                  <i
                    className="fa fa-eye"
                  />
                </span>
                <span>
                  Demo
                </span>
              </a>
            </td>
            <td>
              <span
                className="button is-static is-tooltip is-fixed is-small is-danger is-outlined"
                data-title="Not Available"
                disabled={false}
              >
                <span
                  className="icon is-small"
                >
                  <i
                    className="fa fa-eye-slash"
                  />
                </span>
                <span>
                  N / A
                </span>
              </span>
            </td>
            <td>
              <a
                className="button is-fixed is-small is-info is-outlined"
                href="http://ink.sapo.pt/javascript-ui/#InkUIToggle_1"
                target="_blank"
              >
                <span
                  className="icon is-small"
                >
                  <i
                    className="fa fa-eye"
                  />
                </span>
                <span>
                  Demo
                </span>
              </a>
            </td>
            <td>
              <a
                className="button is-fixed is-small is-info is-outlined"
                href="http://semantic-ui.com/modules/accordion.html"
                target="_blank"
              >
                <span
                  className="icon is-small"
                >
                  <i
                    className="fa fa-eye"
                  />
                </span>
                <span>
                  Demo
                </span>
              </a>
            </td>
          </tr>
          <tr>
            <td>
              <span
                className="tag is-info"
              >
                Alert
              </span>
            </td>
            <td>
              <a
                className="button is-fixed is-small is-info is-outlined"
                href="http://getbootstrap.com/components/#alerts"
                target="_blank"
              >
                <span
                  className="icon is-small"
                >
                  <i
                    className="fa fa-eye"
                  />
                </span>
                <span>
                  Demo
                </span>
              </a>
            </td>
            <td>
              <a
                className="button is-fixed is-small is-info is-outlined"
                href="http://bulma.io/documentation/elements/notification/"
                target="_blank"
              >
                <span
                  className="icon is-small"
                >
                  <i
                    className="fa fa-eye"
                  />
                </span>
                <span>
                  Demo
                </span>
              </a>
            </td>
            <td>
              <a
                className="button is-fixed is-small is-info is-outlined"
                href="http://ink.sapo.pt/ui-elements/alerts/"
                target="_blank"
              >
                <span
                  className="icon is-small"
                >
                  <i
                    className="fa fa-eye"
                  />
                </span>
                <span>
                  Demo
                </span>
              </a>
            </td>
            <td>
              <a
                className="button is-fixed is-small is-info is-outlined"
                href="http://semantic-ui.com/collections/message.html"
                target="_blank"
              >
                <span
                  className="icon is-small"
                >
                  <i
                    className="fa fa-eye"
                  />
                </span>
                <span>
                  Demo
                </span>
              </a>
            </td>
          </tr>
          <tr>
            <td>
              <span
                className="tag is-info"
              >
                Badge
              </span>
            </td>
            <td>
              <a
                className="button is-fixed is-small is-info is-outlined"
                href="http://getbootstrap.com/components/#badges"
                target="_blank"
              >
                <span
                  className="icon is-small"
                >
                  <i
                    className="fa fa-eye"
                  />
                </span>
                <span>
                  Demo
                </span>
              </a>
            </td>
            <td>
              <a
                className="button is-fixed is-small is-info is-outlined"
                href="http://bulma.io/documentation/elements/tag/"
                target="_blank"
              >
                <span
                  className="icon is-small"
                >
                  <i
                    className="fa fa-eye"
                  />
                </span>
                <span>
                  Demo
                </span>
              </a>
            </td>
            <td>
              <a
                className="button is-fixed is-small is-info is-outlined"
                href="http://ink.sapo.pt/ui-elements/typography/#labels-and-badges"
                target="_blank"
              >
                <span
                  className="icon is-small"
                >
                  <i
                    className="fa fa-eye"
                  />
                </span>
                <span>
                  Demo
                </span>
              </a>
            </td>
            <td>
              <a
                className="button is-fixed is-small is-info is-outlined"
                href="http://semantic-ui.com/elements/label.html#circular"
                target="_blank"
              >
                <span
                  className="icon is-small"
                >
                  <i
                    className="fa fa-eye"
                  />
                </span>
                <span>
                  Demo
                </span>
              </a>
            </td>
          </tr>
          <tr>
            <td>
              <span
                className="tag is-info"
              >
                Breadcrumbs
              </span>
            </td>
            <td>
              <a
                className="button is-fixed is-small is-info is-outlined"
                href="http://getbootstrap.com/components/#breadcrumbs"
                target="_blank"
              >
                <span
                  className="icon is-small"
                >
                  <i
                    className="fa fa-eye"
                  />
                </span>
                <span>
                  Demo
                </span>
              </a>
            </td>
            <td>
              <a
                className="button is-fixed is-small is-info is-outlined"
                href="http://bulma.io/documentation/components/breadcrumb/"
                target="_blank"
              >
                <span
                  className="icon is-small"
                >
                  <i
                    className="fa fa-eye"
                  />
                </span>
                <span>
                  Demo
                </span>
              </a>
            </td>
            <td>
              <a
                className="button is-fixed is-small is-info is-outlined"
                href="http://ink.sapo.pt/ui-elements/navigation/#breadcrumbs"
                target="_blank"
              >
                <span
                  className="icon is-small"
                >
                  <i
                    className="fa fa-eye"
                  />
                </span>
                <span>
                  Demo
                </span>
              </a>
            </td>
            <td>
              <a
                className="button is-fixed is-small is-info is-outlined"
                href="http://semantic-ui.com/collections/breadcrumb.html"
                target="_blank"
              >
                <span
                  className="icon is-small"
                >
                  <i
                    className="fa fa-eye"
                  />
                </span>
                <span>
                  Demo
                </span>
              </a>
            </td>
          </tr>
          <tr>
            <td>
              <span
                className="tag is-info"
              >
                Button
              </span>
            </td>
            <td>
              <a
                className="button is-fixed is-small is-info is-outlined"
                href="http://getbootstrap.com/css/#buttons"
                target="_blank"
              >
                <span
                  className="icon is-small"
                >
                  <i
                    className="fa fa-eye"
                  />
                </span>
                <span>
                  Demo
                </span>
              </a>
            </td>
            <td>
              <a
                className="button is-fixed is-small is-info is-outlined"
                href="http://bulma.io/documentation/elements/button/"
                target="_blank"
              >
                <span
                  className="icon is-small"
                >
                  <i
                    className="fa fa-eye"
                  />
                </span>
                <span>
                  Demo
                </span>
              </a>
            </td>
            <td>
              <a
                className="button is-fixed is-small is-info is-outlined"
                href="http://ink.sapo.pt/ui-elements/buttons/"
                target="_blank"
              >
                <span
                  className="icon is-small"
                >
                  <i
                    className="fa fa-eye"
                  />
                </span>
                <span>
                  Demo
                </span>
              </a>
            </td>
            <td>
              <a
                className="button is-fixed is-small is-info is-outlined"
                href="http://semantic-ui.com/elements/button.html"
                target="_blank"
              >
                <span
                  className="icon is-small"
                >
                  <i
                    className="fa fa-eye"
                  />
                </span>
                <span>
                  Demo
                </span>
              </a>
            </td>
          </tr>
          <tr>
            <td>
              <span
                className="tag is-info"
              >
                Button Groups
              </span>
            </td>
            <td>
              <a
                className="button is-fixed is-small is-info is-outlined"
                href="http://getbootstrap.com/components/#btn-groups"
                target="_blank"
              >
                <span
                  className="icon is-small"
                >
                  <i
                    className="fa fa-eye"
                  />
                </span>
                <span>
                  Demo
                </span>
              </a>
            </td>
            <td>
              <a
                className="button is-fixed is-small is-info is-outlined"
                href="http://bulma.io/documentation/elements/button/"
                target="_blank"
              >
                <span
                  className="icon is-small"
                >
                  <i
                    className="fa fa-eye"
                  />
                </span>
                <span>
                  Demo
                </span>
              </a>
            </td>
            <td>
              <a
                className="button is-fixed is-small is-info is-outlined"
                href="http://ink.sapo.pt/ui-elements/buttons/#button-groups"
                target="_blank"
              >
                <span
                  className="icon is-small"
                >
                  <i
                    className="fa fa-eye"
                  />
                </span>
                <span>
                  Demo
                </span>
              </a>
            </td>
            <td>
              <a
                className="button is-fixed is-small is-info is-outlined"
                href="http://semantic-ui.com/elements/button.html#buttons"
                target="_blank"
              >
                <span
                  className="icon is-small"
                >
                  <i
                    className="fa fa-eye"
                  />
                </span>
                <span>
                  Demo
                </span>
              </a>
            </td>
          </tr>
          <tr>
            <td>
              <span
                className="tag is-info"
              >
                Card
              </span>
            </td>
            <td>
              <span
                className="button is-static is-tooltip is-fixed is-small is-danger is-outlined"
                data-title="Not Available"
                disabled={false}
              >
                <span
                  className="icon is-small"
                >
                  <i
                    className="fa fa-eye-slash"
                  />
                </span>
                <span>
                  N / A
                </span>
              </span>
            </td>
            <td>
              <a
                className="button is-fixed is-small is-info is-outlined"
                href="http://bulma.io/documentation/components/card/"
                target="_blank"
              >
                <span
                  className="icon is-small"
                >
                  <i
                    className="fa fa-eye"
                  />
                </span>
                <span>
                  Demo
                </span>
              </a>
            </td>
            <td>
              <span
                className="button is-static is-tooltip is-fixed is-small is-danger is-outlined"
                data-title="Not Available"
                disabled={false}
              >
                <span
                  className="icon is-small"
                >
                  <i
                    className="fa fa-eye-slash"
                  />
                </span>
                <span>
                  N / A
                </span>
              </span>
            </td>
            <td>
              <a
                className="button is-fixed is-small is-info is-outlined"
                href="http://semantic-ui.com/views/card.html"
                target="_blank"
              >
                <span
                  className="icon is-small"
                >
                  <i
                    className="fa fa-eye"
                  />
                </span>
                <span>
                  Demo
                </span>
              </a>
            </td>
          </tr>
          <tr>
            <td>
              <span
                className="tag is-info"
              >
                Dropdown
              </span>
            </td>
            <td>
              <a
                className="button is-fixed is-small is-info is-outlined"
                href="http://getbootstrap.com/javascript/#dropdowns"
                target="_blank"
              >
                <span
                  className="icon is-small"
                >
                  <i
                    className="fa fa-eye"
                  />
                </span>
                <span>
                  Demo
                </span>
              </a>
            </td>
            <td>
              <span
                className="button is-static is-tooltip is-fixed is-small is-danger is-outlined"
                data-title="Not Available"
                disabled={false}
              >
                <span
                  className="icon is-small"
                >
                  <i
                    className="fa fa-eye-slash"
                  />
                </span>
                <span>
                  N / A
                </span>
              </span>
            </td>
            <td>
              <a
                className="button is-fixed is-small is-info is-outlined"
                href="http://ink.sapo.pt/ui-elements/navigation/#dropdowns"
                target="_blank"
              >
                <span
                  className="icon is-small"
                >
                  <i
                    className="fa fa-eye"
                  />
                </span>
                <span>
                  Demo
                </span>
              </a>
            </td>
            <td>
              <a
                className="button is-fixed is-small is-info is-outlined"
                href="http://semantic-ui.com/modules/dropdown.html"
                target="_blank"
              >
                <span
                  className="icon is-small"
                >
                  <i
                    className="fa fa-eye"
                  />
                </span>
                <span>
                  Demo
                </span>
              </a>
            </td>
          </tr>
          <tr>
            <td>
              <span
                className="tag is-info"
              >
                Flex Grid
              </span>
            </td>
            <td>
              <span
                className="button is-static is-tooltip is-fixed is-small is-danger is-outlined"
                data-title="Not Available"
                disabled={false}
              >
                <span
                  className="icon is-small"
                >
                  <i
                    className="fa fa-eye-slash"
                  />
                </span>
                <span>
                  N / A
                </span>
              </span>
            </td>
            <td>
              <a
                className="button is-fixed is-small is-info is-outlined"
                href="http://bulma.io/documentation/grid/columns/"
                target="_blank"
              >
                <span
                  className="icon is-small"
                >
                  <i
                    className="fa fa-eye"
                  />
                </span>
                <span>
                  Demo
                </span>
              </a>
            </td>
            <td>
              <a
                className="button is-fixed is-small is-info is-outlined"
                href="http://ink.sapo.pt/ui-elements/flexbox/"
                target="_blank"
              >
                <span
                  className="icon is-small"
                >
                  <i
                    className="fa fa-eye"
                  />
                </span>
                <span>
                  Demo
                </span>
              </a>
            </td>
            <td>
              <a
                className="button is-fixed is-small is-info is-outlined"
                href="http://semantic-ui.com/collections/grid.html"
                target="_blank"
              >
                <span
                  className="icon is-small"
                >
                  <i
                    className="fa fa-eye"
                  />
                </span>
                <span>
                  Demo
                </span>
              </a>
            </td>
          </tr>
          <tr>
            <td>
              <span
                className="tag is-info"
              >
                Grid
              </span>
            </td>
            <td>
              <a
                className="button is-fixed is-small is-info is-outlined"
                href="http://getbootstrap.com/css/#grid"
                target="_blank"
              >
                <span
                  className="icon is-small"
                >
                  <i
                    className="fa fa-eye"
                  />
                </span>
                <span>
                  Demo
                </span>
              </a>
            </td>
            <td>
              <a
                className="button is-fixed is-small is-info is-outlined"
                href="http://bulma.io/documentation/grid/columns/"
                target="_blank"
              >
                <span
                  className="icon is-small"
                >
                  <i
                    className="fa fa-eye"
                  />
                </span>
                <span>
                  Demo
                </span>
              </a>
            </td>
            <td>
              <a
                className="button is-fixed is-small is-info is-outlined"
                href="http://ink.sapo.pt/ui-elements/grid/"
                target="_blank"
              >
                <span
                  className="icon is-small"
                >
                  <i
                    className="fa fa-eye"
                  />
                </span>
                <span>
                  Demo
                </span>
              </a>
            </td>
            <td>
              <a
                className="button is-fixed is-small is-info is-outlined"
                href="http://semantic-ui.com/collections/grid.html"
                target="_blank"
              >
                <span
                  className="icon is-small"
                >
                  <i
                    className="fa fa-eye"
                  />
                </span>
                <span>
                  Demo
                </span>
              </a>
            </td>
          </tr>
          <tr>
            <td>
              <span
                className="tag is-info"
              >
                Form
              </span>
            </td>
            <td>
              <a
                className="button is-fixed is-small is-info is-outlined"
                href="http://getbootstrap.com/css/#forms"
                target="_blank"
              >
                <span
                  className="icon is-small"
                >
                  <i
                    className="fa fa-eye"
                  />
                </span>
                <span>
                  Demo
                </span>
              </a>
            </td>
            <td>
              <a
                className="button is-fixed is-small is-info is-outlined"
                href="http://bulma.io/documentation/elements/form/"
                target="_blank"
              >
                <span
                  className="icon is-small"
                >
                  <i
                    className="fa fa-eye"
                  />
                </span>
                <span>
                  Demo
                </span>
              </a>
            </td>
            <td>
              <a
                className="button is-fixed is-small is-info is-outlined"
                href="http://ink.sapo.pt/ui-elements/forms/"
                target="_blank"
              >
                <span
                  className="icon is-small"
                >
                  <i
                    className="fa fa-eye"
                  />
                </span>
                <span>
                  Demo
                </span>
              </a>
            </td>
            <td>
              <a
                className="button is-fixed is-small is-info is-outlined"
                href="http://semantic-ui.com/collections/form.html"
                target="_blank"
              >
                <span
                  className="icon is-small"
                >
                  <i
                    className="fa fa-eye"
                  />
                </span>
                <span>
                  Demo
                </span>
              </a>
            </td>
          </tr>
          <tr>
            <td>
              <span
                className="tag is-info"
              >
                Icons
              </span>
            </td>
            <td>
              <a
                className="button is-fixed is-small is-info is-outlined"
                href="http://getbootstrap.com/components/#glyphicons-glyphs"
                target="_blank"
              >
                <span
                  className="icon is-small"
                >
                  <i
                    className="fa fa-eye"
                  />
                </span>
                <span>
                  Demo
                </span>
              </a>
            </td>
            <td>
              <a
                className="button is-fixed is-small is-info is-outlined"
                href="http://bulma.io/documentation/elements/icon/"
                target="_blank"
              >
                <span
                  className="icon is-small"
                >
                  <i
                    className="fa fa-eye"
                  />
                </span>
                <span>
                  Demo
                </span>
              </a>
            </td>
            <td>
              <span
                className="button is-static is-tooltip is-fixed is-small is-danger is-outlined"
                data-title="Not Available"
                disabled={false}
              >
                <span
                  className="icon is-small"
                >
                  <i
                    className="fa fa-eye-slash"
                  />
                </span>
                <span>
                  N / A
                </span>
              </span>
            </td>
            <td>
              <a
                className="button is-fixed is-small is-info is-outlined"
                href="http://semantic-ui.com/elements/icon.html"
                target="_blank"
              >
                <span
                  className="icon is-small"
                >
                  <i
                    className="fa fa-eye"
                  />
                </span>
                <span>
                  Demo
                </span>
              </a>
            </td>
          </tr>
          <tr>
            <td>
              <span
                className="tag is-info"
              >
                Label
              </span>
            </td>
            <td>
              <a
                className="button is-fixed is-small is-info is-outlined"
                href="http://getbootstrap.com/components/#labels"
                target="_blank"
              >
                <span
                  className="icon is-small"
                >
                  <i
                    className="fa fa-eye"
                  />
                </span>
                <span>
                  Demo
                </span>
              </a>
            </td>
            <td>
              <a
                className="button is-fixed is-small is-info is-outlined"
                href="http://bulma.io/documentation/elements/tag/"
                target="_blank"
              >
                <span
                  className="icon is-small"
                >
                  <i
                    className="fa fa-eye"
                  />
                </span>
                <span>
                  Demo
                </span>
              </a>
            </td>
            <td>
              <a
                className="button is-fixed is-small is-info is-outlined"
                href="http://ink.sapo.pt/ui-elements/typography/#labels-and-badges"
                target="_blank"
              >
                <span
                  className="icon is-small"
                >
                  <i
                    className="fa fa-eye"
                  />
                </span>
                <span>
                  Demo
                </span>
              </a>
            </td>
            <td>
              <a
                className="button is-fixed is-small is-info is-outlined"
                href="http://semantic-ui.com/elements/label.html"
                target="_blank"
              >
                <span
                  className="icon is-small"
                >
                  <i
                    className="fa fa-eye"
                  />
                </span>
                <span>
                  Demo
                </span>
              </a>
            </td>
          </tr>
          <tr>
            <td>
              <span
                className="tag is-info"
              >
                List
              </span>
            </td>
            <td>
              <a
                className="button is-fixed is-small is-info is-outlined"
                href="http://getbootstrap.com/components/#list-group"
                target="_blank"
              >
                <span
                  className="icon is-small"
                >
                  <i
                    className="fa fa-eye"
                  />
                </span>
                <span>
                  Demo
                </span>
              </a>
            </td>
            <td>
              <span
                className="button is-static is-tooltip is-fixed is-small is-danger is-outlined"
                data-title="Not Available"
                disabled={false}
              >
                <span
                  className="icon is-small"
                >
                  <i
                    className="fa fa-eye-slash"
                  />
                </span>
                <span>
                  N / A
                </span>
              </span>
            </td>
            <td>
              <span
                className="button is-static is-tooltip is-fixed is-small is-danger is-outlined"
                data-title="Not Available"
                disabled={false}
              >
                <span
                  className="icon is-small"
                >
                  <i
                    className="fa fa-eye-slash"
                  />
                </span>
                <span>
                  N / A
                </span>
              </span>
            </td>
            <td>
              <a
                className="button is-fixed is-small is-info is-outlined"
                href="http://semantic-ui.com/elements/list.html"
                target="_blank"
              >
                <span
                  className="icon is-small"
                >
                  <i
                    className="fa fa-eye"
                  />
                </span>
                <span>
                  Demo
                </span>
              </a>
            </td>
          </tr>
          <tr>
            <td>
              <span
                className="tag is-info"
              >
                Media Object
              </span>
            </td>
            <td>
              <a
                className="button is-fixed is-small is-info is-outlined"
                href="http://getbootstrap.com/components/#media"
                target="_blank"
              >
                <span
                  className="icon is-small"
                >
                  <i
                    className="fa fa-eye"
                  />
                </span>
                <span>
                  Demo
                </span>
              </a>
            </td>
            <td>
              <a
                className="button is-fixed is-small is-info is-outlined"
                href="http://bulma.io/documentation/components/media-object/"
                target="_blank"
              >
                <span
                  className="icon is-small"
                >
                  <i
                    className="fa fa-eye"
                  />
                </span>
                <span>
                  Demo
                </span>
              </a>
            </td>
            <td>
              <span
                className="button is-static is-tooltip is-fixed is-small is-danger is-outlined"
                data-title="Not Available"
                disabled={false}
              >
                <span
                  className="icon is-small"
                >
                  <i
                    className="fa fa-eye-slash"
                  />
                </span>
                <span>
                  N / A
                </span>
              </span>
            </td>
            <td>
              <span
                className="button is-static is-tooltip is-fixed is-small is-danger is-outlined"
                data-title="Not Available"
                disabled={false}
              >
                <span
                  className="icon is-small"
                >
                  <i
                    className="fa fa-eye-slash"
                  />
                </span>
                <span>
                  N / A
                </span>
              </span>
            </td>
          </tr>
          <tr>
            <td>
              <span
                className="tag is-info"
              >
                Modal
              </span>
            </td>
            <td>
              <a
                className="button is-fixed is-small is-info is-outlined"
                href="http://getbootstrap.com/javascript/#modals"
                target="_blank"
              >
                <span
                  className="icon is-small"
                >
                  <i
                    className="fa fa-eye"
                  />
                </span>
                <span>
                  Demo
                </span>
              </a>
            </td>
            <td>
              <a
                className="button is-fixed is-small is-info is-outlined"
                href="http://bulma.io/documentation/components/modal/"
                target="_blank"
              >
                <span
                  className="icon is-small"
                >
                  <i
                    className="fa fa-eye"
                  />
                </span>
                <span>
                  Demo
                </span>
              </a>
            </td>
            <td>
              <a
                className="button is-fixed is-small is-info is-outlined"
                href="http://ink.sapo.pt/javascript-ui/#InkUIModal_1"
                target="_blank"
              >
                <span
                  className="icon is-small"
                >
                  <i
                    className="fa fa-eye"
                  />
                </span>
                <span>
                  Demo
                </span>
              </a>
            </td>
            <td>
              <a
                className="button is-fixed is-small is-info is-outlined"
                href="http://semantic-ui.com/modules/modal.html"
                target="_blank"
              >
                <span
                  className="icon is-small"
                >
                  <i
                    className="fa fa-eye"
                  />
                </span>
                <span>
                  Demo
                </span>
              </a>
            </td>
          </tr>
          <tr>
            <td>
              <span
                className="tag is-info"
              >
                Navbar / Navigation
              </span>
            </td>
            <td>
              <a
                className="button is-fixed is-small is-info is-outlined"
                href="http://getbootstrap.com/components/#navbar"
                target="_blank"
              >
                <span
                  className="icon is-small"
                >
                  <i
                    className="fa fa-eye"
                  />
                </span>
                <span>
                  Demo
                </span>
              </a>
            </td>
            <td>
              <a
                className="button is-fixed is-small is-info is-outlined"
                href="http://bulma.io/documentation/components/navbar/"
                target="_blank"
              >
                <span
                  className="icon is-small"
                >
                  <i
                    className="fa fa-eye"
                  />
                </span>
                <span>
                  Demo
                </span>
              </a>
            </td>
            <td>
              <a
                className="button is-fixed is-small is-info is-outlined"
                href="http://ink.sapo.pt/ui-elements/navigation/"
                target="_blank"
              >
                <span
                  className="icon is-small"
                >
                  <i
                    className="fa fa-eye"
                  />
                </span>
                <span>
                  Demo
                </span>
              </a>
            </td>
            <td>
              <a
                className="button is-fixed is-small is-info is-outlined"
                href="http://semantic-ui.com/collections/menu.html"
                target="_blank"
              >
                <span
                  className="icon is-small"
                >
                  <i
                    className="fa fa-eye"
                  />
                </span>
                <span>
                  Demo
                </span>
              </a>
            </td>
          </tr>
          <tr>
            <td>
              <span
                className="tag is-info"
              >
                Off-Canvas
              </span>
            </td>
            <td>
              <span
                className="button is-static is-tooltip is-fixed is-small is-danger is-outlined"
                data-title="Not Available"
                disabled={false}
              >
                <span
                  className="icon is-small"
                >
                  <i
                    className="fa fa-eye-slash"
                  />
                </span>
                <span>
                  N / A
                </span>
              </span>
            </td>
            <td>
              <span
                className="button is-static is-tooltip is-fixed is-small is-danger is-outlined"
                data-title="Not Available"
                disabled={false}
              >
                <span
                  className="icon is-small"
                >
                  <i
                    className="fa fa-eye-slash"
                  />
                </span>
                <span>
                  N / A
                </span>
              </span>
            </td>
            <td>
              <span
                className="button is-static is-tooltip is-fixed is-small is-danger is-outlined"
                data-title="Not Available"
                disabled={false}
              >
                <span
                  className="icon is-small"
                >
                  <i
                    className="fa fa-eye-slash"
                  />
                </span>
                <span>
                  N / A
                </span>
              </span>
            </td>
            <td>
              <a
                className="button is-fixed is-small is-info is-outlined"
                href="http://semantic-ui.com/modules/sidebar.html"
                target="_blank"
              >
                <span
                  className="icon is-small"
                >
                  <i
                    className="fa fa-eye"
                  />
                </span>
                <span>
                  Demo
                </span>
              </a>
            </td>
          </tr>
          <tr>
            <td>
              <span
                className="tag is-info"
              >
                Panel
              </span>
            </td>
            <td>
              <a
                className="button is-fixed is-small is-info is-outlined"
                href="http://getbootstrap.com/components/#panels"
                target="_blank"
              >
                <span
                  className="icon is-small"
                >
                  <i
                    className="fa fa-eye"
                  />
                </span>
                <span>
                  Demo
                </span>
              </a>
            </td>
            <td>
              <a
                className="button is-fixed is-small is-info is-outlined"
                href="http://bulma.io/documentation/components/panel/"
                target="_blank"
              >
                <span
                  className="icon is-small"
                >
                  <i
                    className="fa fa-eye"
                  />
                </span>
                <span>
                  Demo
                </span>
              </a>
            </td>
            <td>
              <span
                className="button is-static is-tooltip is-fixed is-small is-danger is-outlined"
                data-title="Not Available"
                disabled={false}
              >
                <span
                  className="icon is-small"
                >
                  <i
                    className="fa fa-eye-slash"
                  />
                </span>
                <span>
                  N / A
                </span>
              </span>
            </td>
            <td>
              <span
                className="button is-static is-tooltip is-fixed is-small is-danger is-outlined"
                data-title="Not Available"
                disabled={false}
              >
                <span
                  className="icon is-small"
                >
                  <i
                    className="fa fa-eye-slash"
                  />
                </span>
                <span>
                  N / A
                </span>
              </span>
            </td>
          </tr>
          <tr>
            <td>
              <span
                className="tag is-info"
              >
                Pagination
              </span>
            </td>
            <td>
              <a
                className="button is-fixed is-small is-info is-outlined"
                href="http://getbootstrap.com/components/#pagination"
                target="_blank"
              >
                <span
                  className="icon is-small"
                >
                  <i
                    className="fa fa-eye"
                  />
                </span>
                <span>
                  Demo
                </span>
              </a>
            </td>
            <td>
              <a
                className="button is-fixed is-small is-info is-outlined"
                href="http://bulma.io/documentation/components/pagination/"
                target="_blank"
              >
                <span
                  className="icon is-small"
                >
                  <i
                    className="fa fa-eye"
                  />
                </span>
                <span>
                  Demo
                </span>
              </a>
            </td>
            <td>
              <a
                className="button is-fixed is-small is-info is-outlined"
                href="http://ink.sapo.pt/ui-elements/navigation/#pagination"
                target="_blank"
              >
                <span
                  className="icon is-small"
                >
                  <i
                    className="fa fa-eye"
                  />
                </span>
                <span>
                  Demo
                </span>
              </a>
            </td>
            <td>
              <a
                className="button is-fixed is-small is-info is-outlined"
                href="http://semantic-ui.com/collections/menu.html#pagination"
                target="_blank"
              >
                <span
                  className="icon is-small"
                >
                  <i
                    className="fa fa-eye"
                  />
                </span>
                <span>
                  Demo
                </span>
              </a>
            </td>
          </tr>
          <tr>
            <td>
              <span
                className="tag is-info"
              >
                Progress
              </span>
            </td>
            <td>
              <a
                className="button is-fixed is-small is-info is-outlined"
                href="http://getbootstrap.com/components/#progress"
                target="_blank"
              >
                <span
                  className="icon is-small"
                >
                  <i
                    className="fa fa-eye"
                  />
                </span>
                <span>
                  Demo
                </span>
              </a>
            </td>
            <td>
              <a
                className="button is-fixed is-small is-info is-outlined"
                href="http://bulma.io/documentation/elements/progress/"
                target="_blank"
              >
                <span
                  className="icon is-small"
                >
                  <i
                    className="fa fa-eye"
                  />
                </span>
                <span>
                  Demo
                </span>
              </a>
            </td>
            <td>
              <a
                className="button is-fixed is-small is-info is-outlined"
                href="http://ink.sapo.pt/javascript-ui/#InkUIProgressBar_1"
                target="_blank"
              >
                <span
                  className="icon is-small"
                >
                  <i
                    className="fa fa-eye"
                  />
                </span>
                <span>
                  Demo
                </span>
              </a>
            </td>
            <td>
              <a
                className="button is-fixed is-small is-info is-outlined"
                href="http://semantic-ui.com/modules/progress.html"
                target="_blank"
              >
                <span
                  className="icon is-small"
                >
                  <i
                    className="fa fa-eye"
                  />
                </span>
                <span>
                  Demo
                </span>
              </a>
            </td>
          </tr>
          <tr>
            <td>
              <span
                className="tag is-info"
              >
                Table
              </span>
            </td>
            <td>
              <a
                className="button is-fixed is-small is-info is-outlined"
                href="http://getbootstrap.com/css/#tables"
                target="_blank"
              >
                <span
                  className="icon is-small"
                >
                  <i
                    className="fa fa-eye"
                  />
                </span>
                <span>
                  Demo
                </span>
              </a>
            </td>
            <td>
              <a
                className="button is-fixed is-small is-info is-outlined"
                href="http://bulma.io/documentation/elements/table/"
                target="_blank"
              >
                <span
                  className="icon is-small"
                >
                  <i
                    className="fa fa-eye"
                  />
                </span>
                <span>
                  Demo
                </span>
              </a>
            </td>
            <td>
              <a
                className="button is-fixed is-small is-info is-outlined"
                href="http://ink.sapo.pt/ui-elements/tables/"
                target="_blank"
              >
                <span
                  className="icon is-small"
                >
                  <i
                    className="fa fa-eye"
                  />
                </span>
                <span>
                  Demo
                </span>
              </a>
            </td>
            <td>
              <a
                className="button is-fixed is-small is-info is-outlined"
                href="http://semantic-ui.com/collections/table.html"
                target="_blank"
              >
                <span
                  className="icon is-small"
                >
                  <i
                    className="fa fa-eye"
                  />
                </span>
                <span>
                  Demo
                </span>
              </a>
            </td>
          </tr>
          <tr>
            <td>
              <span
                className="tag is-info"
              >
                Tabs
              </span>
            </td>
            <td>
              <a
                className="button is-fixed is-small is-info is-outlined"
                href="http://getbootstrap.com/javascript/#tabs"
                target="_blank"
              >
                <span
                  className="icon is-small"
                >
                  <i
                    className="fa fa-eye"
                  />
                </span>
                <span>
                  Demo
                </span>
              </a>
            </td>
            <td>
              <a
                className="button is-fixed is-small is-info is-outlined"
                href="http://bulma.io/documentation/components/tabs/"
                target="_blank"
              >
                <span
                  className="icon is-small"
                >
                  <i
                    className="fa fa-eye"
                  />
                </span>
                <span>
                  Demo
                </span>
              </a>
            </td>
            <td>
              <a
                className="button is-fixed is-small is-info is-outlined"
                href="http://ink.sapo.pt/javascript-ui/#InkUITabs_1"
                target="_blank"
              >
                <span
                  className="icon is-small"
                >
                  <i
                    className="fa fa-eye"
                  />
                </span>
                <span>
                  Demo
                </span>
              </a>
            </td>
            <td>
              <a
                className="button is-fixed is-small is-info is-outlined"
                href="http://semantic-ui.com/modules/tab.html"
                target="_blank"
              >
                <span
                  className="icon is-small"
                >
                  <i
                    className="fa fa-eye"
                  />
                </span>
                <span>
                  Demo
                </span>
              </a>
            </td>
          </tr>
          <tr>
            <td>
              <span
                className="tag is-info"
              >
                Thumbnail
              </span>
            </td>
            <td>
              <a
                className="button is-fixed is-small is-info is-outlined"
                href="http://getbootstrap.com/components/#thumbnails"
                target="_blank"
              >
                <span
                  className="icon is-small"
                >
                  <i
                    className="fa fa-eye"
                  />
                </span>
                <span>
                  Demo
                </span>
              </a>
            </td>
            <td>
              <a
                className="button is-fixed is-small is-info is-outlined"
                href="http://bulma.io/documentation/elements/image/"
                target="_blank"
              >
                <span
                  className="icon is-small"
                >
                  <i
                    className="fa fa-eye"
                  />
                </span>
                <span>
                  Demo
                </span>
              </a>
            </td>
            <td>
              <a
                className="button is-fixed is-small is-info is-outlined"
                href="http://ink.sapo.pt/ui-elements/images/"
                target="_blank"
              >
                <span
                  className="icon is-small"
                >
                  <i
                    className="fa fa-eye"
                  />
                </span>
                <span>
                  Demo
                </span>
              </a>
            </td>
            <td>
              <a
                className="button is-fixed is-small is-info is-outlined"
                href="http://semantic-ui.com/elements/image.html"
                target="_blank"
              >
                <span
                  className="icon is-small"
                >
                  <i
                    className="fa fa-eye"
                  />
                </span>
                <span>
                  Demo
                </span>
              </a>
            </td>
          </tr>
          <tr>
            <td>
              <span
                className="tag is-info"
              >
                Tooltip
              </span>
            </td>
            <td>
              <a
                className="button is-fixed is-small is-info is-outlined"
                href="http://getbootstrap.com/javascript/#tooltips"
                target="_blank"
              >
                <span
                  className="icon is-small"
                >
                  <i
                    className="fa fa-eye"
                  />
                </span>
                <span>
                  Demo
                </span>
              </a>
            </td>
            <td>
              <span
                className="button is-static is-tooltip is-fixed is-small is-danger is-outlined"
                data-title="Not Available"
                disabled={false}
              >
                <span
                  className="icon is-small"
                >
                  <i
                    className="fa fa-eye-slash"
                  />
                </span>
                <span>
                  N / A
                </span>
              </span>
            </td>
            <td>
              <a
                className="button is-fixed is-small is-info is-outlined"
                href="http://ink.sapo.pt/javascript-ui/#InkUITooltip_1"
                target="_blank"
              >
                <span
                  className="icon is-small"
                >
                  <i
                    className="fa fa-eye"
                  />
                </span>
                <span>
                  Demo
                </span>
              </a>
            </td>
            <td>
              <a
                className="button is-fixed is-small is-info is-outlined"
                href="http://semantic-ui.com/modules/popup.html#tooltip"
                target="_blank"
              >
                <span
                  className="icon is-small"
                >
                  <i
                    className="fa fa-eye"
                  />
                </span>
                <span>
                  Demo
                </span>
              </a>
            </td>
          </tr>
          <tr>
            <td>
              <span
                className="tag is-info"
              >
                Typography
              </span>
            </td>
            <td>
              <a
                className="button is-fixed is-small is-info is-outlined"
                href="http://getbootstrap.com/css/#type"
                target="_blank"
              >
                <span
                  className="icon is-small"
                >
                  <i
                    className="fa fa-eye"
                  />
                </span>
                <span>
                  Demo
                </span>
              </a>
            </td>
            <td>
              <a
                className="button is-fixed is-small is-info is-outlined"
                href="http://bulma.io/documentation/elements/content/"
                target="_blank"
              >
                <span
                  className="icon is-small"
                >
                  <i
                    className="fa fa-eye"
                  />
                </span>
                <span>
                  Demo
                </span>
              </a>
            </td>
            <td>
              <a
                className="button is-fixed is-small is-info is-outlined"
                href="http://ink.sapo.pt/ui-elements/typography/"
                target="_blank"
              >
                <span
                  className="icon is-small"
                >
                  <i
                    className="fa fa-eye"
                  />
                </span>
                <span>
                  Demo
                </span>
              </a>
            </td>
            <td>
              <span
                className="button is-static is-tooltip is-fixed is-small is-danger is-outlined"
                data-title="Not Available"
                disabled={false}
              >
                <span
                  className="icon is-small"
                >
                  <i
                    className="fa fa-eye-slash"
                  />
                </span>
                <span>
                  N / A
                </span>
              </span>
            </td>
          </tr>
          <tr>
            <td>
              <span
                className="tag is-info"
              >
                Utilities
              </span>
            </td>
            <td>
              <a
                className="button is-fixed is-small is-info is-outlined"
                href="http://getbootstrap.com/css/#helper-classes"
                target="_blank"
              >
                <span
                  className="icon is-small"
                >
                  <i
                    className="fa fa-eye"
                  />
                </span>
                <span>
                  Demo
                </span>
              </a>
            </td>
            <td>
              <a
                className="button is-fixed is-small is-info is-outlined"
                href="http://bulma.io/documentation/modifiers/helpers/"
                target="_blank"
              >
                <span
                  className="icon is-small"
                >
                  <i
                    className="fa fa-eye"
                  />
                </span>
                <span>
                  Demo
                </span>
              </a>
            </td>
            <td>
              <a
                className="button is-fixed is-small is-info is-outlined"
                href="http://ink.sapo.pt/ui-elements/helpers/"
                target="_blank"
              >
                <span
                  className="icon is-small"
                >
                  <i
                    className="fa fa-eye"
                  />
                </span>
                <span>
                  Demo
                </span>
              </a>
            </td>
            <td>
              <span
                className="button is-static is-tooltip is-fixed is-small is-danger is-outlined"
                data-title="Not Available"
                disabled={false}
              >
                <span
                  className="icon is-small"
                >
                  <i
                    className="fa fa-eye-slash"
                  />
                </span>
                <span>
                  N / A
                </span>
              </span>
            </td>
          </tr>
        </tbody>
        <tfoot>
          <tr>
            <th
              className="is-first"
            >
              <span
                className="is-dark"
              >
                Component Name
              </span>
            </th>
            <th>
              <span
                className="is-dark"
              >
                Bootstrap 3
              </span>
            </th>
            <th>
              <span
                className="is-dark"
              >
                Bulma
              </span>
            </th>
            <th>
              <span
                className="is-dark"
              >
                Ink Interface Kit
              </span>
            </th>
            <th>
              <span
                className="is-dark"
              >
                Semantic UI
              </span>
            </th>
          </tr>
        </tfoot>
      </table>
    </div>
  </div>
  <footer
    className="footer"
  >
    <div
      className="container"
    >
      <div
        className="content has-text-centered"
      >
        <p>
          <strong>
            Comparison of Front-End Frameworks
          </strong>
           by
           
          <a
            href="http://landish.github.io/"
            rel="noopener noreferrer"
            target="_blank"
          >
            Landish
          </a>
          .
        </p>
        <p>
          Built with
           
          <a
            href="https://facebook.github.io/react/"
            rel="noopener noreferrer"
            target="_blank"
          >
            React
          </a>
           
          &
           
          <a
            href="http://bulma.io/"
            rel="noopener noreferrer"
            target="_blank"
          >
            Bulma
          </a>
          .
        </p>
        <p>
          © 2016-2017
        </p>
      </div>
    </div>
  </footer>
</div>
`;
