// Jest Snapshot v1, https://goo.gl/fbAQLP

exports[`Components List renders correctly 1`] = `
<div
  className="section"
>
  <div
    className="container is-x is-fullhd"
  >
    <h2
      className="title"
    >
      List of Components
    </h2>
    <table
      className="table has-text-centered is-striped is-bordered"
    >
      <thead>
        <tr>
          <th
            className="is-first"
          >
            <span
              className="is-dark"
            >
              Component Name
            </span>
          </th>
          <th>
            <span
              className="is-dark"
            >
              Bulma
            </span>
          </th>
          <th>
            <span
              className="is-dark"
            >
              Ink Interface Kit
            </span>
          </th>
        </tr>
      </thead>
      <tbody>
        <tr>
          <td>
            <span
              className="tag is-info is-rounded"
            >
              Accordion
            </span>
          </td>
          <td>
            <span
              className="button is-static is-tooltip is-fixed is-small is-danger is-outlined"
              data-title="Not Available"
              disabled={false}
            >
              <Icon
                name="eye-slash"
              />
              <span>
                N / A
              </span>
            </span>
          </td>
          <td>
            <a
              className="button is-fixed is-small is-info is-outlined"
              href="http://ink.sapo.pt/javascript-ui/#InkUIToggle_1"
              target="_blank"
            >
              <Icon
                name="eye"
              />
              <span>
                Demo
              </span>
            </a>
          </td>
        </tr>
        <tr>
          <td>
            <span
              className="tag is-info is-rounded"
            >
              Alert
            </span>
          </td>
          <td>
            <a
              className="button is-fixed is-small is-info is-outlined"
              href="http://bulma.io/documentation/elements/notification/"
              target="_blank"
            >
              <Icon
                name="eye"
              />
              <span>
                Demo
              </span>
            </a>
          </td>
          <td>
            <a
              className="button is-fixed is-small is-info is-outlined"
              href="http://ink.sapo.pt/ui-elements/alerts/"
              target="_blank"
            >
              <Icon
                name="eye"
              />
              <span>
                Demo
              </span>
            </a>
          </td>
        </tr>
        <tr>
          <td>
            <span
              className="tag is-info is-rounded"
            >
              Avatar
            </span>
          </td>
          <td>
            <span
              className="button is-static is-tooltip is-fixed is-small is-danger is-outlined"
              data-title="Not Available"
              disabled={false}
            >
              <Icon
                name="eye-slash"
              />
              <span>
                N / A
              </span>
            </span>
          </td>
          <td>
            <span
              className="button is-static is-tooltip is-fixed is-small is-danger is-outlined"
              data-title="Not Available"
              disabled={false}
            >
              <Icon
                name="eye-slash"
              />
              <span>
                N / A
              </span>
            </span>
          </td>
        </tr>
        <tr>
          <td>
            <span
              className="tag is-info is-rounded"
            >
              Badge
            </span>
          </td>
          <td>
            <a
              className="button is-fixed is-small is-info is-outlined"
              href="http://bulma.io/documentation/elements/tag/"
              target="_blank"
            >
              <Icon
                name="eye"
              />
              <span>
                Demo
              </span>
            </a>
          </td>
          <td>
            <a
              className="button is-fixed is-small is-info is-outlined"
              href="http://ink.sapo.pt/ui-elements/typography/#labels-and-badges"
              target="_blank"
            >
              <Icon
                name="eye"
              />
              <span>
                Demo
              </span>
            </a>
          </td>
        </tr>
        <tr>
          <td>
            <span
              className="tag is-info is-rounded"
            >
              Breadcrumbs
            </span>
          </td>
          <td>
            <a
              className="button is-fixed is-small is-info is-outlined"
              href="http://bulma.io/documentation/components/breadcrumb/"
              target="_blank"
            >
              <Icon
                name="eye"
              />
              <span>
                Demo
              </span>
            </a>
          </td>
          <td>
            <a
              className="button is-fixed is-small is-info is-outlined"
              href="http://ink.sapo.pt/ui-elements/navigation/#breadcrumbs"
              target="_blank"
            >
              <Icon
                name="eye"
              />
              <span>
                Demo
              </span>
            </a>
          </td>
        </tr>
        <tr>
          <td>
            <span
              className="tag is-info is-rounded"
            >
              Button
            </span>
          </td>
          <td>
            <a
              className="button is-fixed is-small is-info is-outlined"
              href="http://bulma.io/documentation/elements/button/"
              target="_blank"
            >
              <Icon
                name="eye"
              />
              <span>
                Demo
              </span>
            </a>
          </td>
          <td>
            <a
              className="button is-fixed is-small is-info is-outlined"
              href="http://ink.sapo.pt/ui-elements/buttons/"
              target="_blank"
            >
              <Icon
                name="eye"
              />
              <span>
                Demo
              </span>
            </a>
          </td>
        </tr>
        <tr>
          <td>
            <span
              className="tag is-info is-rounded"
            >
              Card
            </span>
          </td>
          <td>
            <a
              className="button is-fixed is-small is-info is-outlined"
              href="http://bulma.io/documentation/components/card/"
              target="_blank"
            >
              <Icon
                name="eye"
              />
              <span>
                Demo
              </span>
            </a>
          </td>
          <td>
            <span
              className="button is-static is-tooltip is-fixed is-small is-danger is-outlined"
              data-title="Not Available"
              disabled={false}
            >
              <Icon
                name="eye-slash"
              />
              <span>
                N / A
              </span>
            </span>
          </td>
        </tr>
        <tr>
          <td>
            <span
              className="tag is-info is-rounded"
            >
              Dropdown
            </span>
          </td>
          <td>
            <a
              className="button is-fixed is-small is-info is-outlined"
              href="http://bulma.io/documentation/components/dropdown/"
              target="_blank"
            >
              <Icon
                name="eye"
              />
              <span>
                Demo
              </span>
            </a>
          </td>
          <td>
            <a
              className="button is-fixed is-small is-info is-outlined"
              href="http://ink.sapo.pt/ui-elements/navigation/#dropdowns"
              target="_blank"
            >
              <Icon
                name="eye"
              />
              <span>
                Demo
              </span>
            </a>
          </td>
        </tr>
        <tr>
          <td>
            <span
              className="tag is-info is-rounded"
            >
              Flex Grid
            </span>
          </td>
          <td>
            <a
              className="button is-fixed is-small is-info is-outlined"
              href="http://bulma.io/documentation/grid/columns/"
              target="_blank"
            >
              <Icon
                name="eye"
              />
              <span>
                Demo
              </span>
            </a>
          </td>
          <td>
            <a
              className="button is-fixed is-small is-info is-outlined"
              href="http://ink.sapo.pt/ui-elements/flexbox/"
              target="_blank"
            >
              <Icon
                name="eye"
              />
              <span>
                Demo
              </span>
            </a>
          </td>
        </tr>
        <tr>
          <td>
            <span
              className="tag is-info is-rounded"
            >
              Form
            </span>
          </td>
          <td>
            <a
              className="button is-fixed is-small is-info is-outlined"
              href="http://bulma.io/documentation/elements/form/"
              target="_blank"
            >
              <Icon
                name="eye"
              />
              <span>
                Demo
              </span>
            </a>
          </td>
          <td>
            <a
              className="button is-fixed is-small is-info is-outlined"
              href="http://ink.sapo.pt/ui-elements/forms/"
              target="_blank"
            >
              <Icon
                name="eye"
              />
              <span>
                Demo
              </span>
            </a>
          </td>
        </tr>
        <tr>
          <td>
            <span
              className="tag is-info is-rounded"
            >
              Grid
            </span>
          </td>
          <td>
            <a
              className="button is-fixed is-small is-info is-outlined"
              href="http://bulma.io/documentation/grid/columns/"
              target="_blank"
            >
              <Icon
                name="eye"
              />
              <span>
                Demo
              </span>
            </a>
          </td>
          <td>
            <a
              className="button is-fixed is-small is-info is-outlined"
              href="http://ink.sapo.pt/ui-elements/grid/"
              target="_blank"
            >
              <Icon
                name="eye"
              />
              <span>
                Demo
              </span>
            </a>
          </td>
        </tr>
        <tr>
          <td>
            <span
              className="tag is-info is-rounded"
            >
              Icons
            </span>
          </td>
          <td>
            <a
              className="button is-fixed is-small is-info is-outlined"
              href="http://bulma.io/documentation/elements/icon/"
              target="_blank"
            >
              <Icon
                name="eye"
              />
              <span>
                Demo
              </span>
            </a>
          </td>
          <td>
            <span
              className="button is-static is-tooltip is-fixed is-small is-danger is-outlined"
              data-title="Not Available"
              disabled={false}
            >
              <Icon
                name="eye-slash"
              />
              <span>
                N / A
              </span>
            </span>
          </td>
        </tr>
        <tr>
          <td>
            <span
              className="tag is-info is-rounded"
            >
              Label
            </span>
          </td>
          <td>
            <a
              className="button is-fixed is-small is-info is-outlined"
              href="http://bulma.io/documentation/elements/tag/"
              target="_blank"
            >
              <Icon
                name="eye"
              />
              <span>
                Demo
              </span>
            </a>
          </td>
          <td>
            <a
              className="button is-fixed is-small is-info is-outlined"
              href="http://ink.sapo.pt/ui-elements/typography/#labels-and-badges"
              target="_blank"
            >
              <Icon
                name="eye"
              />
              <span>
                Demo
              </span>
            </a>
          </td>
        </tr>
        <tr>
          <td>
            <span
              className="tag is-info is-rounded"
            >
              List
            </span>
          </td>
          <td>
            <span
              className="button is-static is-tooltip is-fixed is-small is-danger is-outlined"
              data-title="Not Available"
              disabled={false}
            >
              <Icon
                name="eye-slash"
              />
              <span>
                N / A
              </span>
            </span>
          </td>
          <td>
            <span
              className="button is-static is-tooltip is-fixed is-small is-danger is-outlined"
              data-title="Not Available"
              disabled={false}
            >
              <Icon
                name="eye-slash"
              />
              <span>
                N / A
              </span>
            </span>
          </td>
        </tr>
        <tr>
          <td>
            <span
              className="tag is-info is-rounded"
            >
              Loading
            </span>
          </td>
          <td>
            <span
              className="button is-static is-tooltip is-fixed is-small is-danger is-outlined"
              data-title="Not Available"
              disabled={false}
            >
              <Icon
                name="eye-slash"
              />
              <span>
                N / A
              </span>
            </span>
          </td>
          <td>
            <span
              className="button is-static is-tooltip is-fixed is-small is-danger is-outlined"
              data-title="Not Available"
              disabled={false}
            >
              <Icon
                name="eye-slash"
              />
              <span>
                N / A
              </span>
            </span>
          </td>
        </tr>
        <tr>
          <td>
            <span
              className="tag is-info is-rounded"
            >
              Media Object
            </span>
          </td>
          <td>
            <a
              className="button is-fixed is-small is-info is-outlined"
              href="http://bulma.io/documentation/components/media-object/"
              target="_blank"
            >
              <Icon
                name="eye"
              />
              <span>
                Demo
              </span>
            </a>
          </td>
          <td>
            <span
              className="button is-static is-tooltip is-fixed is-small is-danger is-outlined"
              data-title="Not Available"
              disabled={false}
            >
              <Icon
                name="eye-slash"
              />
              <span>
                N / A
              </span>
            </span>
          </td>
        </tr>
        <tr>
          <td>
            <span
              className="tag is-info is-rounded"
            >
              Menu
            </span>
          </td>
          <td>
            <a
              className="button is-fixed is-small is-info is-outlined"
              href="http://bulma.io/documentation/components/menu/"
              target="_blank"
            >
              <Icon
                name="eye"
              />
              <span>
                Demo
              </span>
            </a>
          </td>
          <td>
            <a
              className="button is-fixed is-small is-info is-outlined"
              href="http://ink.sapo.pt/ui-elements/navigation/#menus"
              target="_blank"
            >
              <Icon
                name="eye"
              />
              <span>
                Demo
              </span>
            </a>
          </td>
        </tr>
        <tr>
          <td>
            <span
              className="tag is-info is-rounded"
            >
              Modal
            </span>
          </td>
          <td>
            <a
              className="button is-fixed is-small is-info is-outlined"
              href="http://bulma.io/documentation/components/modal/"
              target="_blank"
            >
              <Icon
                name="eye"
              />
              <span>
                Demo
              </span>
            </a>
          </td>
          <td>
            <a
              className="button is-fixed is-small is-info is-outlined"
              href="http://ink.sapo.pt/javascript-ui/#InkUIModal_1"
              target="_blank"
            >
              <Icon
                name="eye"
              />
              <span>
                Demo
              </span>
            </a>
          </td>
        </tr>
        <tr>
          <td>
            <span
              className="tag is-info is-rounded"
            >
              Navbar
            </span>
          </td>
          <td>
            <a
              className="button is-fixed is-small is-info is-outlined"
              href="http://bulma.io/documentation/components/navbar/"
              target="_blank"
            >
              <Icon
                name="eye"
              />
              <span>
                Demo
              </span>
            </a>
          </td>
          <td>
            <a
              className="button is-fixed is-small is-info is-outlined"
              href="http://ink.sapo.pt/ui-elements/navigation/"
              target="_blank"
            >
              <Icon
                name="eye"
              />
              <span>
                Demo
              </span>
            </a>
          </td>
        </tr>
        <tr>
          <td>
            <span
              className="tag is-info is-rounded"
            >
              Off-Canvas
            </span>
          </td>
          <td>
            <span
              className="button is-static is-tooltip is-fixed is-small is-danger is-outlined"
              data-title="Not Available"
              disabled={false}
            >
              <Icon
                name="eye-slash"
              />
              <span>
                N / A
              </span>
            </span>
          </td>
          <td>
            <span
              className="button is-static is-tooltip is-fixed is-small is-danger is-outlined"
              data-title="Not Available"
              disabled={false}
            >
              <Icon
                name="eye-slash"
              />
              <span>
                N / A
              </span>
            </span>
          </td>
        </tr>
        <tr>
          <td>
            <span
              className="tag is-info is-rounded"
            >
              Pagination
            </span>
          </td>
          <td>
            <a
              className="button is-fixed is-small is-info is-outlined"
              href="http://bulma.io/documentation/components/pagination/"
              target="_blank"
            >
              <Icon
                name="eye"
              />
              <span>
                Demo
              </span>
            </a>
          </td>
          <td>
            <a
              className="button is-fixed is-small is-info is-outlined"
              href="http://ink.sapo.pt/ui-elements/navigation/#pagination"
              target="_blank"
            >
              <Icon
                name="eye"
              />
              <span>
                Demo
              </span>
            </a>
          </td>
        </tr>
        <tr>
          <td>
            <span
              className="tag is-info is-rounded"
            >
              Panel
            </span>
          </td>
          <td>
            <a
              className="button is-fixed is-small is-info is-outlined"
              href="http://bulma.io/documentation/components/panel/"
              target="_blank"
            >
              <Icon
                name="eye"
              />
              <span>
                Demo
              </span>
            </a>
          </td>
          <td>
            <span
              className="button is-static is-tooltip is-fixed is-small is-danger is-outlined"
              data-title="Not Available"
              disabled={false}
            >
              <Icon
                name="eye-slash"
              />
              <span>
                N / A
              </span>
            </span>
          </td>
        </tr>
        <tr>
          <td>
            <span
              className="tag is-info is-rounded"
            >
              Popover
            </span>
          </td>
          <td>
            <span
              className="button is-static is-tooltip is-fixed is-small is-danger is-outlined"
              data-title="Not Available"
              disabled={false}
            >
              <Icon
                name="eye-slash"
              />
              <span>
                N / A
              </span>
            </span>
          </td>
          <td>
            <span
              className="button is-static is-tooltip is-fixed is-small is-danger is-outlined"
              data-title="Not Available"
              disabled={false}
            >
              <Icon
                name="eye-slash"
              />
              <span>
                N / A
              </span>
            </span>
          </td>
        </tr>
        <tr>
          <td>
            <span
              className="tag is-info is-rounded"
            >
              Progress
            </span>
          </td>
          <td>
            <a
              className="button is-fixed is-small is-info is-outlined"
              href="http://bulma.io/documentation/elements/progress/"
              target="_blank"
            >
              <Icon
                name="eye"
              />
              <span>
                Demo
              </span>
            </a>
          </td>
          <td>
            <a
              className="button is-fixed is-small is-info is-outlined"
              href="http://ink.sapo.pt/javascript-ui/#InkUIProgressBar_1"
              target="_blank"
            >
              <Icon
                name="eye"
              />
              <span>
                Demo
              </span>
            </a>
          </td>
        </tr>
        <tr>
          <td>
            <span
              className="tag is-info is-rounded"
            >
              Table
            </span>
          </td>
          <td>
            <a
              className="button is-fixed is-small is-info is-outlined"
              href="http://bulma.io/documentation/elements/table/"
              target="_blank"
            >
              <Icon
                name="eye"
              />
              <span>
                Demo
              </span>
            </a>
          </td>
          <td>
            <a
              className="button is-fixed is-small is-info is-outlined"
              href="http://ink.sapo.pt/ui-elements/tables/"
              target="_blank"
            >
              <Icon
                name="eye"
              />
              <span>
                Demo
              </span>
            </a>
          </td>
        </tr>
        <tr>
          <td>
            <span
              className="tag is-info is-rounded"
            >
              Tabs
            </span>
          </td>
          <td>
            <a
              className="button is-fixed is-small is-info is-outlined"
              href="http://bulma.io/documentation/components/tabs/"
              target="_blank"
            >
              <Icon
                name="eye"
              />
              <span>
                Demo
              </span>
            </a>
          </td>
          <td>
            <a
              className="button is-fixed is-small is-info is-outlined"
              href="http://ink.sapo.pt/javascript-ui/#InkUITabs_1"
              target="_blank"
            >
              <Icon
                name="eye"
              />
              <span>
                Demo
              </span>
            </a>
          </td>
        </tr>
        <tr>
          <td>
            <span
              className="tag is-info is-rounded"
            >
              Tags
            </span>
          </td>
          <td>
            <span
              className="button is-static is-tooltip is-fixed is-small is-danger is-outlined"
              data-title="Not Available"
              disabled={false}
            >
              <Icon
                name="eye-slash"
              />
              <span>
                N / A
              </span>
            </span>
          </td>
          <td>
            <span
              className="button is-static is-tooltip is-fixed is-small is-danger is-outlined"
              data-title="Not Available"
              disabled={false}
            >
              <Icon
                name="eye-slash"
              />
              <span>
                N / A
              </span>
            </span>
          </td>
        </tr>
        <tr>
          <td>
            <span
              className="tag is-info is-rounded"
            >
              Thumbnail
            </span>
          </td>
          <td>
            <a
              className="button is-fixed is-small is-info is-outlined"
              href="http://bulma.io/documentation/elements/image/"
              target="_blank"
            >
              <Icon
                name="eye"
              />
              <span>
                Demo
              </span>
            </a>
          </td>
          <td>
            <a
              className="button is-fixed is-small is-info is-outlined"
              href="http://ink.sapo.pt/ui-elements/images/"
              target="_blank"
            >
              <Icon
                name="eye"
              />
              <span>
                Demo
              </span>
            </a>
          </td>
        </tr>
        <tr>
          <td>
            <span
              className="tag is-info is-rounded"
            >
              Tooltip
            </span>
          </td>
          <td>
            <span
              className="button is-static is-tooltip is-fixed is-small is-danger is-outlined"
              data-title="Not Available"
              disabled={false}
            >
              <Icon
                name="eye-slash"
              />
              <span>
                N / A
              </span>
            </span>
          </td>
          <td>
            <a
              className="button is-fixed is-small is-info is-outlined"
              href="http://ink.sapo.pt/javascript-ui/#InkUITooltip_1"
              target="_blank"
            >
              <Icon
                name="eye"
              />
              <span>
                Demo
              </span>
            </a>
          </td>
        </tr>
        <tr>
          <td>
            <span
              className="tag is-info is-rounded"
            >
              Typography
            </span>
          </td>
          <td>
            <a
              className="button is-fixed is-small is-info is-outlined"
              href="http://bulma.io/documentation/elements/content/"
              target="_blank"
            >
              <Icon
                name="eye"
              />
              <span>
                Demo
              </span>
            </a>
          </td>
          <td>
            <a
              className="button is-fixed is-small is-info is-outlined"
              href="http://ink.sapo.pt/ui-elements/typography/"
              target="_blank"
            >
              <Icon
                name="eye"
              />
              <span>
                Demo
              </span>
            </a>
          </td>
        </tr>
        <tr>
          <td>
            <span
              className="tag is-info is-rounded"
            >
              Utilities
            </span>
          </td>
          <td>
            <a
              className="button is-fixed is-small is-info is-outlined"
              href="http://bulma.io/documentation/modifiers/helpers/"
              target="_blank"
            >
              <Icon
                name="eye"
              />
              <span>
                Demo
              </span>
            </a>
          </td>
          <td>
            <a
              className="button is-fixed is-small is-info is-outlined"
              href="http://ink.sapo.pt/ui-elements/helpers/"
              target="_blank"
            >
              <Icon
                name="eye"
              />
              <span>
                Demo
              </span>
            </a>
          </td>
        </tr>
      </tbody>
      <tfoot>
        <tr>
          <th
            className="is-first"
          >
            <span
              className="is-dark"
            >
              Component Name
            </span>
          </th>
          <th>
            <span
              className="is-dark"
            >
              Bulma
            </span>
          </th>
          <th>
            <span
              className="is-dark"
            >
              Ink Interface Kit
            </span>
          </th>
        </tr>
      </tfoot>
    </table>
  </div>
</div>
`;
